╔══════════════════════════════════════════════════╗
║       Solana Audit Toolkit (sat) v0.1.0         ║
╚══════════════════════════════════════════════════╝
  --- Source path: bench\programs\stake-deposit-interceptor\stake_deposit_interceptor\src
  --- Scanning 8 source file(s)...

┌
├─ Accounts Structs
  WARN No `#[derive(Accounts)]` structs found in the source.

┌
├─ Native Instruction Handlers
  --- Resolved 9 native instruction(s) from entrypoint bench\programs\stake-deposit-interceptor\stake_deposit_interceptor\src\entrypoint.rs:10:
  - InitStakePoolDepositStakeAuthority  handler: process_init_stake_pool_deposit_stake_authority  [0x00]  accounts: 11
  - UpdateStakePoolDepositStakeAuthority  handler: process_update_deposit_stake_authority  [0x01]  accounts: 3
  - DepositStake  handler: process_deposit_stake  [0x02]  accounts: 20
  - DepositStakeWithSlippage  handler: process_deposit_stake  [0x03]  accounts: 20
  - ChangeDepositReceiptOwner  handler: process_change_deposit_receipt_owner  [0x04]  accounts: 3
  - ClaimPoolTokens  handler: process_claim_pool_tokens  [0x05]  accounts: 9
  - DepositStakeWhitelisted  handler: process_deposit_stake_whitelisted  [0x06]  accounts: 19
  - WithdrawStakeWhitelisted  handler: process_withdraw_stake_whitelisted  [0x07]  accounts: 20
  - WithdrawFromHopper  handler: process_withdraw_from_hopper  [0x08]  accounts: 6
  --- 9 instructions resolved (9 with resolved accounts)


┌
├─ Findings
#1 [HIGH] Potential Transfer Fee Bypass: `transfer_tokens_cpi` transfers Token-2022 tokens without fee handling
  at bench\programs\stake-deposit-interceptor\stake_deposit_interceptor\src\processor.rs (transfer_tokens_cpi)
  confidence: Medium

  The instruction `transfer_tokens_cpi` invokes a Token-2022 transfer (`transfer`, `transfer_checked`, or `transfer_with_seed` via the SPL Token-2022 program) but does not contain any transfer fee calculation logic (no references to `transfer_fee`, `TransferFeeConfig`, `calculate_fee`, `get_transfer_fee`, `fee_basis_points`, `amount_after_fee`, etc.). Token-2022 mints can have transfer fees configured, and the actual amount received by the recipient will be less than the amount transferred. Without fee handling, internal accounting may silently drift from on-chain balances, allowing fund extraction or protocol insolvency.

  Suggestion:
  1. Use `spl-token-2022::extension::transfer_fee::TransferFeeConfig` to read the fee configuration.
2. Calculate the fee: `fee = amount * fee_basis_points / 10000`.
3. Store the post-fee amount or the actual received amount in internal state.
4. Consider using `TransferChecked` with the expected post-fee amount.

  Manual verification:
  - Identify which Token-2022 extensions can be enabled for accepted mints.
  - Compare internal accounting with actual token balance deltas after transfer.
  - Test with transfer-fee, permanent-delegate, and interest-bearing mints.

#2 [HIGH] Unverified Signer Account: `new_authority`
  at bench\programs\stake-deposit-interceptor\stake_deposit_interceptor\src\processor.rs:954 (UpdateStakePoolDepositStakeAuthority)
  confidence: Low

  The account `new_authority` is used in instruction `UpdateStakePoolDepositStakeAuthority` without any reachable `is_signer` check. Its name identifies it as an authority, yet its signature is never verified, so the runtime guarantees nothing about who supplied it. Exploit: an attacker calls `UpdateStakePoolDepositStakeAuthority` passing their own public key for `new_authority` and the victim's data accounts; every privileged transition gated on this account (withdrawals, ownership changes, minting) is then authorized under the attacker's identity.

  Suggestion:
  Verify the signature before using the account, e.g. `if !new_authority.is_signer { return Err(ProgramError::MissingRequiredSignature); }`, or pin the account to a fixed key / PDA derivation.

  Manual verification:
  - Map the flagged account or instruction to the handler logic.
  - Check whether equivalent manual validation exists outside Anchor attributes.
  - Create the smallest transaction or unit test that proves exploitability.

#3 [HIGH] Unchecked Authority Key: `new_authority`
  at bench\programs\stake-deposit-interceptor\stake_deposit_interceptor\src\processor.rs:954 (UpdateStakePoolDepositStakeAuthority)
  confidence: Low

  The authority-named account `new_authority` is used in instruction `UpdateStakePoolDepositStakeAuthority` without ever being compared to a stored or derived key (`key_checked = false`) and without a signer check (`is_signer_checked = false`). Access control based on "is this the authority account?" therefore degenerates to "is this any account?". Exploit: pass any public key the program will accept for `new_authority` and inherit the authority role the account's name implies.

  Suggestion:
  Compare the account key against the expected value before use, e.g. `if new_authority.key != expected_authority { return Err(ProgramError::InvalidAccountData); }`, or derive it with `find_program_address` and compare; alternatively require `new_authority.is_signer`.

  Manual verification:
  - Map the flagged account or instruction to the handler logic.
  - Check whether equivalent manual validation exists outside Anchor attributes.
  - Create the smallest transaction or unit test that proves exploitability.

#4 [HIGH] Unverified Owner Account: `pool_mint`
  at bench\programs\stake-deposit-interceptor\stake_deposit_interceptor\src\processor.rs:957 (DepositStake)
  confidence: Low

  The account `pool_mint` carries state or is written by instruction `DepositStake` but is never checked against the program's owner (`owner_checked = false`) and its key is not pinned (`key_checked = false`). Any account owned by any program can be passed here, so data the program treats as its own state can be substituted with an attacker-crafted account owned by a malicious program. Exploit: supply a look-alike account owned by a program the attacker controls, with forged data, and the program's discriminator/state checks operate on attacker-controlled bytes.

  Suggestion:
  Add an owner check before reading or writing the account, e.g. `if pool_mint.owner != program_id { return Err(ProgramError::IllegalOwner); }`.

  Manual verification:
  - Map the flagged account or instruction to the handler logic.
  - Check whether equivalent manual validation exists outside Anchor attributes.
  - Create the smallest transaction or unit test that proves exploitability.

#5 [HIGH] Unverified Owner Account: `pool_mint`
  at bench\programs\stake-deposit-interceptor\stake_deposit_interceptor\src\processor.rs:960 (DepositStakeWithSlippage)
  confidence: Low

  The account `pool_mint` carries state or is written by instruction `DepositStakeWithSlippage` but is never checked against the program's owner (`owner_checked = false`) and its key is not pinned (`key_checked = false`). Any account owned by any program can be passed here, so data the program treats as its own state can be substituted with an attacker-crafted account owned by a malicious program. Exploit: supply a look-alike account owned by a program the attacker controls, with forged data, and the program's discriminator/state checks operate on attacker-controlled bytes.

  Suggestion:
  Add an owner check before reading or writing the account, e.g. `if pool_mint.owner != program_id { return Err(ProgramError::IllegalOwner); }`.

  Manual verification:
  - Map the flagged account or instruction to the handler logic.
  - Check whether equivalent manual validation exists outside Anchor attributes.
  - Create the smallest transaction or unit test that proves exploitability.

#6 [HIGH] Unverified Signer Account: `new_owner`
  at bench\programs\stake-deposit-interceptor\stake_deposit_interceptor\src\processor.rs:969 (ChangeDepositReceiptOwner)
  confidence: Low

  The account `new_owner` is used in instruction `ChangeDepositReceiptOwner` without any reachable `is_signer` check. Its name identifies it as an authority, yet its signature is never verified, so the runtime guarantees nothing about who supplied it. Exploit: an attacker calls `ChangeDepositReceiptOwner` passing their own public key for `new_owner` and the victim's data accounts; every privileged transition gated on this account (withdrawals, ownership changes, minting) is then authorized under the attacker's identity.

  Suggestion:
  Verify the signature before using the account, e.g. `if !new_owner.is_signer { return Err(ProgramError::MissingRequiredSignature); }`, or pin the account to a fixed key / PDA derivation.

  Manual verification:
  - Map the flagged account or instruction to the handler logic.
  - Check whether equivalent manual validation exists outside Anchor attributes.
  - Create the smallest transaction or unit test that proves exploitability.

#7 [HIGH] Unchecked Authority Key: `new_owner`
  at bench\programs\stake-deposit-interceptor\stake_deposit_interceptor\src\processor.rs:969 (ChangeDepositReceiptOwner)
  confidence: Low

  The authority-named account `new_owner` is used in instruction `ChangeDepositReceiptOwner` without ever being compared to a stored or derived key (`key_checked = false`) and without a signer check (`is_signer_checked = false`). Access control based on "is this the authority account?" therefore degenerates to "is this any account?". Exploit: pass any public key the program will accept for `new_owner` and inherit the authority role the account's name implies.

  Suggestion:
  Compare the account key against the expected value before use, e.g. `if new_owner.key != expected_authority { return Err(ProgramError::InvalidAccountData); }`, or derive it with `find_program_address` and compare; alternatively require `new_owner.is_signer`.

  Manual verification:
  - Map the flagged account or instruction to the handler logic.
  - Check whether equivalent manual validation exists outside Anchor attributes.
  - Create the smallest transaction or unit test that proves exploitability.

Summary: 7 findings: [HIGH] 7 HIGH

