╔══════════════════════════════════════════════════╗
║       Solana Audit Toolkit (sat) v0.1.0         ║
╚══════════════════════════════════════════════════╝
  --- Source path: bench/programs/anchor-examples/examples/tutorial/basic-3/programs/puppet-master/src
  --- Scanning 1 source file(s)...

┌
├─ Accounts Structs
  --- Found 1 Accounts struct(s) in 1 file(s):

  - PullStrings  bench/programs/anchor-examples/examples/tutorial/basic-3/programs/puppet-master/src\lib.rs:23
      - puppet: Account<info, Data> [mut]
      - puppet_program: Program<info, Puppet>


┌
├─ Instruction Handlers
  --- Found 1 instruction(s):
  - pull_strings  [0x0dfcf3957884bd91]  bench/programs/anchor-examples/examples/tutorial/basic-3/programs/puppet-master/src\lib.rs:12


┌
├─ Findings
#1 [INFO] No Token-2022 Usage Detected
  at Workspace root
  confidence: Medium

  No Token-2022 usage was detected in this workspace. If the program handles Token-2022 tokens, verify that the program ID or dependency is correctly referenced.

  Suggestion:
  Token-2022 analysis was skipped.

  Manual verification:
  - Identify which Token-2022 extensions can be enabled for accepted mints.
  - Compare internal accounting with actual token balance deltas after transfer.
  - Test with transfer-fee, permanent-delegate, and interest-bearing mints.

Summary: 1 finding: [INFO] 1 INFO

